  
0000: 00 ff ff ff ff ff ff ff ff ff ff ff ff ff ff 3a   ...............:
0010: ff ff ff ff ff ff ff ff ff ff ff ff ff ff ff ff   ................
0020: ff ff ff ff ff ff ff ff ff ff ff ff ff ff ff ff   ................
0030: ff ff ff ff ff ff ff ff ff ff ff ff ff ff ff ff   ................
0040: ff ff ff ff ff ff ff ff ff ff ff ff ff ff ff ff   ................
0050: ff ff ff ff ff ff ff ff ff ff ff ff ff ff ff ff   ................
0060: ff ff ff ff ff ff ff ff ff ff ff ff ff ff ff ff   ................
0070: ff ff ff ff ff ff ff ff ff ff ff ff ff ff ff ff   ................
0080: ff ff ff ff ff ff ff ff ff ff ff ff ff ff ff ff   ................
0090: ff ff ff ff ff ff ff ff ff ff ff ff ff ff ff ff   ................
00a0: ff ff ff ff ff ff ff ff ff ff ff ff ff ff ff ff   ................
00b0: ff ff ff ff ff ff ff ff ff ff ff ff ff ff ff ff   ................
00c0: ff ff ff ff ff ff ff ff ff ff ff ff ff ff ff ff   ................
00d0: ff ff ff ff ff ff ff ff ff ff ff ff ff ff ff ff   ................
00e0: ff ff ff ff ff ff ff ff ff ff ff ff ff ff ff ff   ................
00f0: ff ff ff ff ff ff ff ff ff ff ff ff ff ff ff ff   ................
