  
0000: 36 35 30 32 36 35 30 32 36 35 30 ff ff ff ff ff   65026502650.....
0010: ff ff ff ff ff ff ff ff ff ff ff ff ff ff ff ff   ................
0020: ff ff ff ff ff ff ff ff ff ff ff ff ff ff ff ff   ................
0030: ff ff ff ff ff ff ff ff ff ff ff ff ff ff ff ff   ................
0040: ff ff ff ff ff ff ff ff ff ff ff ff ff ff ff ff   ................
0050: ff ff ff ff ff ff ff ff ff ff ff ff ff ff ff ff   ................
0060: ff ff ff ff ff ff ff ff ff ff ff ff ff ff ff ff   ................
0070: ff ff ff ff ff ff ff ff ff ff ff ff ff ff ff ff   ................
