  
0000: 00 01 02 03 04 05 06 07 08 09 0a 0b 0c 0d 0e 0f   ................
0010: 10 11 12 13 14 15 ff ff ff ff ff ff ff ff ff ff   ................
0020: ff ff ff ff ff ff ff ff ff ff ff ff ff ff ff ff   ................
0030: ff ff ff ff ff ff ff ff ff ff ff ff ff ff ff ff   ................
0040: ff ff ff ff ff ff ff ff ff ff ff ff ff ff ff ff   ................
0050: ff ff ff ff ff ff ff ff ff ff ff ff ff ff ff ff   ................
0060: ff ff ff ff ff ff ff ff ff ff ff ff ff ff ff ff   ................
0070: ff ff ff ff ff ff ff ff ff ff ff ff ff ff ff ff   ................
