  
0000: 00 01 02 04 08 10 20 40 80 00 ff fe fd fb f7 ef   ...... @........
0010: df bf 7f ff 00 80 40 20 10 08 04 02 01 00 ff 7f   .....@ .......
0020: bf df ef f7 fb fd fe ff ff ff ff ff ff ff ff ff   ................
0030: ff ff ff ff ff ff ff ff ff ff ff ff ff ff ff ff   ................
0040: ff ff ff ff ff ff ff ff ff ff ff ff ff ff ff ff   ................
0050: ff ff ff ff ff ff ff ff ff ff ff ff ff ff ff ff   ................
0060: ff ff ff ff ff ff ff ff ff ff ff ff ff ff ff ff   ................
0070: ff ff ff ff ff ff ff ff ff ff ff ff ff ff ff ff   ................
